---
source: src/utils/mod.rs
expression: result
---
[
    "this",
    " is ",
    "a te",
    "st to split at multiple byte indices",
]
